---
source: crates/ndc-sqlserver/tests/mutation_tests.rs
expression: result
---
{
  "operation_results": [
    {
      "type": "procedure",
      "result": [
        {
          "ReturnOneResult": 1
        }
      ]
    }
  ]
}
