---
source: crates/ndc-sqlserver/tests/query_tests.rs
expression: result
---
[
  {
    "rows": [
      {
        "Name": "\"?\""
      },
      {
        "Name": "\"40\""
      }
    ]
  }
]
