---
source: crates/ndc-sqlserver/tests/query_tests.rs
expression: result
---
[
  {
    "rows": [
      {
        "Title": "Garage Inc. (Disc 1)"
      }
    ]
  }
]
