---
source: crates/ndc-sqlserver/tests/query_tests.rs
expression: result
---
[
  {
    "rows": [
      {
        "Title": "Van Halen III"
      }
    ]
  }
]
