---
source: crates/ndc-sqlserver/tests/query_tests.rs
expression: result
---
[
  {
    "rows": [
      {
        "Name": "Iron Maiden"
      },
      {
        "Name": "Led Zeppelin"
      },
      {
        "Name": "Deep Purple"
      }
    ]
  }
]
