---
source: crates/ndc-sqlserver/tests/schema_tests.rs
expression: result
---
{
  "scalar_types": {},
  "object_types": {},
  "collections": [],
  "functions": [],
  "procedures": []
}
