{
  "collection": "Album",
  "query": {
    "fields": {
      "Title": {
        "type": "column",
        "column": "Title",
        "arguments": {}
      }
    },
    "limit": 5,
    "offset": 100,

    "order_by": {
      "elements": [
        {
          "order_direction": "asc",
          "target": {
            "type": "column",
            "name": "Id",
            "path": []
          }
        }
      ]
    },
    "predicate": {
      "type": "not",
      "expression": {
        "type": "unary_comparison_operator",
        "operator": "is_null",
        "column": {
          "type": "column",
          "name": "Id",
          "path": []
        }
      }
    }
  },
  "arguments": {},
  "collection_relationships": {}
}
