{
  "Album": {
    "schema_name": "public",
    "table_name": "Album",
    "columns": {
      "AlbumId": {
        "name": "AlbumId"
      },
      "Title": {
        "name": "Title"
      },
      "ArtistId": {
        "name": "ArtistId"
      }
    },
    "uniqueness_constraints": {
      "PK_Album": [
        "AlbumId"
      ]
    }
  },
  "Artist": {
    "schema_name": "public",
    "table_name": "Artist",
    "columns": {
      "ArtistId": {
        "name": "ArtistId"
      },
      "Name": {
        "name": "Name"
      }
    },
    "uniqueness_constraints": {
      "PK_Artist": [
        "ArtistId"
      ]
    }
  },
  "Track": {
    "schema_name": "public",
    "table_name": "Track",
    "columns": {
      "TrackId": {
        "name": "TrackId"
      },
      "Name": {
        "name": "Name"
      },
      "AlbumId": {
        "name": "AlbumId"
      }
    },
    "uniqueness_constraints": {
      "PK_Track": [
        "TrackId"
      ]
    }
  }
}
