---
source: crates/query-engine/translation/tests/tests.rs
expression: result
---
WITH [1_NATIVE_QUERY_types] AS (
  SELECT
    cast(@P1 as date) as date,
    cast(@P2 as time) as time,
    cast(@P3 as timetz) as timetz,
    cast(@P4 as timestamp) as timestamp,
    cast(@P5 as timestamptz) as timestamptz
)
SELECT
  ISNULL([3_rows].[rows], '[]') AS [rows]
FROM
  (
    SELECT
      [0_types].[date] AS [date],
      [0_types].[time] AS [time],
      [0_types].[timetz] AS [timetz],
      [0_types].[timestamp] AS [timestamp],
      [0_types].[timestamptz] AS [timestamptz]
    FROM
      [1_NATIVE_QUERY_types] AS [0_types] FOR JSON PATH,
      INCLUDE_NULL_VALUES
  ) AS [3_rows]([rows]) FOR JSON PATH,
  INCLUDE_NULL_VALUES,
  WITHOUT_ARRAY_WRAPPER

[(1, String("2021-12-21")), (2, String("02:35:59")), (3, String("02:35:59-07")), (4, String("2013-11-03 02:35:59")), (5, String("2013-11-03 02:35:59-07"))]
