---
source: crates/query-engine/tests/tests.rs
expression: result
---
SELECT
  row_to_json([universe]) AS [universe]
FROM
  (
    SELECT
      *
    FROM
      (
        SELECT
          max([Album].[ArtistId]) AS [max_artist_id]
        FROM
          [public].[Album] AS [Album] FOR JSON PATH
      ) AS [aggregates] FOR JSON PATH
  ) AS [universe] FOR JSON PATH

[]
