{
  "collection": "Album",
  "query": {
    "fields": {
      "AlbumId": {
        "type": "column",
        "column": "AlbumId",
        "arguments": {}
      },
      "Title": {
        "type": "column",
        "column": "Title",
        "arguments": {}
      }
    },
    "where": {
      "type": "binary_comparison_operator",
      "column": {
        "type": "column",
        "name": "Title",
        "path": []
      },
      "operator": {
        "type": "other",
        "name": "_nlike"
      },
      "value": {
        "type": "scalar",
        "value": "%Rock%"
      }
    },
    "limit": 10
  },
  "arguments": {},
  "collection_relationships": {}
}
