{
  "Album": {
    "schema_name": "public",
    "table_name": "Album",
    "columns": {
      "Id": {
        "name": "AlbumId"
      },
      "Title": {
        "name": "Title"
      }
    },
    "uniqueness_constraints": {
      "PK_Album": [
        "AlbumId"
      ]
    }
  }
}
