{
  "tables": {
    "types": {
      "schemaName": "public",
      "tableName": "types",
      "columns": {
        "date": {
          "name": "date",
          "type": "date"
        },
        "time": {
          "name": "time",
          "type": "time"
        },
        "timetz": {
          "name": "timetz",
          "type": "timetz"
        },
        "timestamp": {
          "name": "timestamp",
          "type": "timestamp"
        },
        "timestamptz": {
          "name": "timestamptz",
          "type": "timestamptz"
        }
      },
      "uniquenessConstraints": {},
      "foreignRelations": {}
    }
  },
  "nativeQueries": {},
  "comparisonOperators": {
    "date": {
      "_eq": {
        "operatorName": "=",
        "argumentType": "date",
        "operatorKind": "equal"
      }
    },
    "time": {
      "_eq": {
        "operatorName": "=",
        "argumentType": "time",
        "operatorKind": "equal"
      }
    },
    "timetz": {
      "_eq": {
        "operatorName": "=",
        "argumentType": "timetz",
        "operatorKind": "equal"
      }
    },
    "timestamp": {
      "_eq": {
        "operatorName": "=",
        "argumentType": "timestamp",
        "operatorKind": "equal"
      }
    },
    "timestamptz": {
      "_eq": {
        "operatorName": "=",
        "argumentType": "timestamptz",
        "operatorKind": "equal"
      }
    }
  }
}
